// Vitest Snapshot v1, https://vitest.dev/guide/snapshot.html

exports[`karakterisasi check() sebelum dan sesudah P2 > menghasilkan keputusan yang identik dengan snapshot pra-refaktor 1`] = `
{
  "adminSesNull:arsipTerbatas": {
    "accessPurpose": null,
    "allowed": false,
    "classification": "terbatas",
    "exists": true,
    "grantAccessMode": null,
    "grantExpiresAt": null,
    "grantId": null,
    "mutable": false,
    "unitKerjaId": "sesditjen",
  },
  "adminSesNull:skBpptBiasa": {
    "accessPurpose": null,
    "allowed": false,
    "classification": "biasa",
    "exists": true,
    "grantAccessMode": null,
    "grantExpiresAt": null,
    "grantId": null,
    "mutable": false,
    "unitKerjaId": "dir_bppt",
  },
  "adminSesNull:skBpptNull": {
    "accessPurpose": null,
    "allowed": false,
    "classification": "terbatas",
    "exists": true,
    "grantAccessMode": null,
    "grantExpiresAt": null,
    "grantId": null,
    "mutable": false,
    "unitKerjaId": "dir_bppt",
  },
  "adminSesNull:skBpptTunggal": {
    "accessPurpose": null,
    "allowed": false,
    "classification": "biasa",
    "exists": true,
    "grantAccessMode": null,
    "grantExpiresAt": null,
    "grantId": null,
    "mutable": false,
    "unitKerjaId": "dir_bppt",
  },
  "adminSesNull:skPtepBiasa": {
    "accessPurpose": null,
    "allowed": false,
    "classification": "biasa",
    "exists": true,
    "grantAccessMode": null,
    "grantExpiresAt": null,
    "grantId": null,
    "mutable": false,
    "unitKerjaId": "dir_ptep",
  },
  "adminSesNull:smBagian": {
    "accessPurpose": null,
    "allowed": false,
    "classification": "biasa",
    "exists": true,
    "grantAccessMode": null,
    "grantExpiresAt": null,
    "grantId": null,
    "mutable": false,
    "unitKerjaId": "bagian_umum",
  },
  "adminSesNull:smBiasa": {
    "accessPurpose": null,
    "allowed": true,
    "classification": "Sangat Segera",
    "exists": true,
    "grantAccessMode": null,
    "grantExpiresAt": null,
    "grantId": null,
    "mutable": true,
    "unitKerjaId": "sesditjen",
  },
  "adminSesNull:smTerbatas": {
    "accessPurpose": null,
    "allowed": false,
    "classification": "Terbatas",
    "exists": true,
    "grantAccessMode": null,
    "grantExpiresAt": null,
    "grantId": null,
    "mutable": false,
    "unitKerjaId": "sesditjen",
  },
  "adminSesNull:smTunggal": {
    "accessPurpose": null,
    "allowed": true,
    "classification": "biasa",
    "exists": true,
    "grantAccessMode": null,
    "grantExpiresAt": null,
    "grantId": null,
    "mutable": true,
    "unitKerjaId": "sesditjen",
  },
  "auditorSes:arsipTerbatas": {
    "accessPurpose": null,
    "allowed": false,
    "classification": "terbatas",
    "exists": true,
    "grantAccessMode": null,
    "grantExpiresAt": null,
    "grantId": null,
    "mutable": false,
    "unitKerjaId": "sesditjen",
  },
  "auditorSes:skBpptBiasa": {
    "accessPurpose": null,
    "allowed": false,
    "classification": "biasa",
    "exists": true,
    "grantAccessMode": null,
    "grantExpiresAt": null,
    "grantId": null,
    "mutable": false,
    "unitKerjaId": "dir_bppt",
  },
  "auditorSes:skBpptNull": {
    "accessPurpose": null,
    "allowed": false,
    "classification": "terbatas",
    "exists": true,
    "grantAccessMode": null,
    "grantExpiresAt": null,
    "grantId": null,
    "mutable": false,
    "unitKerjaId": "dir_bppt",
  },
  "auditorSes:skBpptTunggal": {
    "accessPurpose": null,
    "allowed": false,
    "classification": "biasa",
    "exists": true,
    "grantAccessMode": null,
    "grantExpiresAt": null,
    "grantId": null,
    "mutable": false,
    "unitKerjaId": "dir_bppt",
  },
  "auditorSes:skPtepBiasa": {
    "accessPurpose": null,
    "allowed": false,
    "classification": "biasa",
    "exists": true,
    "grantAccessMode": null,
    "grantExpiresAt": null,
    "grantId": null,
    "mutable": false,
    "unitKerjaId": "dir_ptep",
  },
  "auditorSes:smBagian": {
    "accessPurpose": null,
    "allowed": false,
    "classification": "biasa",
    "exists": true,
    "grantAccessMode": null,
    "grantExpiresAt": null,
    "grantId": null,
    "mutable": false,
    "unitKerjaId": "bagian_umum",
  },
  "auditorSes:smBiasa": {
    "accessPurpose": null,
    "allowed": true,
    "classification": "Sangat Segera",
    "exists": true,
    "grantAccessMode": null,
    "grantExpiresAt": null,
    "grantId": null,
    "mutable": false,
    "unitKerjaId": "sesditjen",
  },
  "auditorSes:smTerbatas": {
    "accessPurpose": null,
    "allowed": false,
    "classification": "Terbatas",
    "exists": true,
    "grantAccessMode": null,
    "grantExpiresAt": null,
    "grantId": null,
    "mutable": false,
    "unitKerjaId": "sesditjen",
  },
  "auditorSes:smTunggal": {
    "accessPurpose": null,
    "allowed": true,
    "classification": "biasa",
    "exists": true,
    "grantAccessMode": null,
    "grantExpiresAt": null,
    "grantId": null,
    "mutable": false,
    "unitKerjaId": "sesditjen",
  },
  "bppt:arsipTerbatas": {
    "accessPurpose": null,
    "allowed": false,
    "classification": "terbatas",
    "exists": true,
    "grantAccessMode": null,
    "grantExpiresAt": null,
    "grantId": null,
    "mutable": false,
    "unitKerjaId": "sesditjen",
  },
  "bppt:skBpptBiasa": {
    "accessPurpose": null,
    "allowed": true,
    "classification": "biasa",
    "exists": true,
    "grantAccessMode": null,
    "grantExpiresAt": null,
    "grantId": null,
    "mutable": true,
    "unitKerjaId": "dir_bppt",
  },
  "bppt:skBpptNull": {
    "accessPurpose": null,
    "allowed": false,
    "classification": "terbatas",
    "exists": true,
    "grantAccessMode": null,
    "grantExpiresAt": null,
    "grantId": null,
    "mutable": false,
    "unitKerjaId": "dir_bppt",
  },
  "bppt:skBpptTunggal": {
    "accessPurpose": null,
    "allowed": true,
    "classification": "biasa",
    "exists": true,
    "grantAccessMode": null,
    "grantExpiresAt": null,
    "grantId": null,
    "mutable": true,
    "unitKerjaId": "dir_bppt",
  },
  "bppt:skPtepBiasa": {
    "accessPurpose": null,
    "allowed": false,
    "classification": "biasa",
    "exists": true,
    "grantAccessMode": null,
    "grantExpiresAt": null,
    "grantId": null,
    "mutable": false,
    "unitKerjaId": "dir_ptep",
  },
  "bppt:smBagian": {
    "accessPurpose": null,
    "allowed": false,
    "classification": "biasa",
    "exists": true,
    "grantAccessMode": null,
    "grantExpiresAt": null,
    "grantId": null,
    "mutable": false,
    "unitKerjaId": "bagian_umum",
  },
  "bppt:smBiasa": {
    "accessPurpose": null,
    "allowed": false,
    "classification": "Sangat Segera",
    "exists": true,
    "grantAccessMode": null,
    "grantExpiresAt": null,
    "grantId": null,
    "mutable": false,
    "unitKerjaId": "sesditjen",
  },
  "bppt:smTerbatas": {
    "accessPurpose": null,
    "allowed": false,
    "classification": "Terbatas",
    "exists": true,
    "grantAccessMode": null,
    "grantExpiresAt": null,
    "grantId": null,
    "mutable": false,
    "unitKerjaId": "sesditjen",
  },
  "bppt:smTunggal": {
    "accessPurpose": null,
    "allowed": false,
    "classification": "biasa",
    "exists": true,
    "grantAccessMode": null,
    "grantExpiresAt": null,
    "grantId": null,
    "mutable": false,
    "unitKerjaId": "sesditjen",
  },
  "plp:arsipTerbatas": {
    "accessPurpose": null,
    "allowed": false,
    "classification": "terbatas",
    "exists": true,
    "grantAccessMode": null,
    "grantExpiresAt": null,
    "grantId": null,
    "mutable": false,
    "unitKerjaId": "sesditjen",
  },
  "plp:skBpptBiasa": {
    "accessPurpose": null,
    "allowed": false,
    "classification": "biasa",
    "exists": true,
    "grantAccessMode": null,
    "grantExpiresAt": null,
    "grantId": null,
    "mutable": false,
    "unitKerjaId": "dir_bppt",
  },
  "plp:skBpptNull": {
    "accessPurpose": null,
    "allowed": false,
    "classification": "terbatas",
    "exists": true,
    "grantAccessMode": null,
    "grantExpiresAt": null,
    "grantId": null,
    "mutable": false,
    "unitKerjaId": "dir_bppt",
  },
  "plp:skBpptTunggal": {
    "accessPurpose": null,
    "allowed": false,
    "classification": "biasa",
    "exists": true,
    "grantAccessMode": null,
    "grantExpiresAt": null,
    "grantId": null,
    "mutable": false,
    "unitKerjaId": "dir_bppt",
  },
  "plp:skPtepBiasa": {
    "accessPurpose": null,
    "allowed": false,
    "classification": "biasa",
    "exists": true,
    "grantAccessMode": null,
    "grantExpiresAt": null,
    "grantId": null,
    "mutable": false,
    "unitKerjaId": "dir_ptep",
  },
  "plp:smBagian": {
    "accessPurpose": null,
    "allowed": false,
    "classification": "biasa",
    "exists": true,
    "grantAccessMode": null,
    "grantExpiresAt": null,
    "grantId": null,
    "mutable": false,
    "unitKerjaId": "bagian_umum",
  },
  "plp:smBiasa": {
    "accessPurpose": null,
    "allowed": false,
    "classification": "Sangat Segera",
    "exists": true,
    "grantAccessMode": null,
    "grantExpiresAt": null,
    "grantId": null,
    "mutable": false,
    "unitKerjaId": "sesditjen",
  },
  "plp:smTerbatas": {
    "accessPurpose": null,
    "allowed": false,
    "classification": "Terbatas",
    "exists": true,
    "grantAccessMode": null,
    "grantExpiresAt": null,
    "grantId": null,
    "mutable": false,
    "unitKerjaId": "sesditjen",
  },
  "plp:smTunggal": {
    "accessPurpose": null,
    "allowed": false,
    "classification": "biasa",
    "exists": true,
    "grantAccessMode": null,
    "grantExpiresAt": null,
    "grantId": null,
    "mutable": false,
    "unitKerjaId": "sesditjen",
  },
  "ptep:arsipTerbatas": {
    "accessPurpose": null,
    "allowed": false,
    "classification": "terbatas",
    "exists": true,
    "grantAccessMode": null,
    "grantExpiresAt": null,
    "grantId": null,
    "mutable": false,
    "unitKerjaId": "sesditjen",
  },
  "ptep:skBpptBiasa": {
    "accessPurpose": null,
    "allowed": false,
    "classification": "biasa",
    "exists": true,
    "grantAccessMode": null,
    "grantExpiresAt": null,
    "grantId": null,
    "mutable": false,
    "unitKerjaId": "dir_bppt",
  },
  "ptep:skBpptNull": {
    "accessPurpose": null,
    "allowed": false,
    "classification": "terbatas",
    "exists": true,
    "grantAccessMode": null,
    "grantExpiresAt": null,
    "grantId": null,
    "mutable": false,
    "unitKerjaId": "dir_bppt",
  },
  "ptep:skBpptTunggal": {
    "accessPurpose": null,
    "allowed": false,
    "classification": "biasa",
    "exists": true,
    "grantAccessMode": null,
    "grantExpiresAt": null,
    "grantId": null,
    "mutable": false,
    "unitKerjaId": "dir_bppt",
  },
  "ptep:skPtepBiasa": {
    "accessPurpose": null,
    "allowed": true,
    "classification": "biasa",
    "exists": true,
    "grantAccessMode": null,
    "grantExpiresAt": null,
    "grantId": null,
    "mutable": true,
    "unitKerjaId": "dir_ptep",
  },
  "ptep:smBagian": {
    "accessPurpose": null,
    "allowed": false,
    "classification": "biasa",
    "exists": true,
    "grantAccessMode": null,
    "grantExpiresAt": null,
    "grantId": null,
    "mutable": false,
    "unitKerjaId": "bagian_umum",
  },
  "ptep:smBiasa": {
    "accessPurpose": null,
    "allowed": false,
    "classification": "Sangat Segera",
    "exists": true,
    "grantAccessMode": null,
    "grantExpiresAt": null,
    "grantId": null,
    "mutable": false,
    "unitKerjaId": "sesditjen",
  },
  "ptep:smTerbatas": {
    "accessPurpose": null,
    "allowed": false,
    "classification": "Terbatas",
    "exists": true,
    "grantAccessMode": null,
    "grantExpiresAt": null,
    "grantId": null,
    "mutable": false,
    "unitKerjaId": "sesditjen",
  },
  "ptep:smTunggal": {
    "accessPurpose": null,
    "allowed": false,
    "classification": "biasa",
    "exists": true,
    "grantAccessMode": null,
    "grantExpiresAt": null,
    "grantId": null,
    "mutable": false,
    "unitKerjaId": "sesditjen",
  },
  "roleTakDikenal:arsipTerbatas": {
    "accessPurpose": null,
    "allowed": false,
    "classification": "terbatas",
    "exists": true,
    "grantAccessMode": null,
    "grantExpiresAt": null,
    "grantId": null,
    "mutable": false,
    "unitKerjaId": "sesditjen",
  },
  "roleTakDikenal:skBpptBiasa": {
    "accessPurpose": null,
    "allowed": false,
    "classification": "biasa",
    "exists": true,
    "grantAccessMode": null,
    "grantExpiresAt": null,
    "grantId": null,
    "mutable": false,
    "unitKerjaId": "dir_bppt",
  },
  "roleTakDikenal:skBpptNull": {
    "accessPurpose": null,
    "allowed": false,
    "classification": "terbatas",
    "exists": true,
    "grantAccessMode": null,
    "grantExpiresAt": null,
    "grantId": null,
    "mutable": false,
    "unitKerjaId": "dir_bppt",
  },
  "roleTakDikenal:skBpptTunggal": {
    "accessPurpose": null,
    "allowed": false,
    "classification": "biasa",
    "exists": true,
    "grantAccessMode": null,
    "grantExpiresAt": null,
    "grantId": null,
    "mutable": false,
    "unitKerjaId": "dir_bppt",
  },
  "roleTakDikenal:skPtepBiasa": {
    "accessPurpose": null,
    "allowed": false,
    "classification": "biasa",
    "exists": true,
    "grantAccessMode": null,
    "grantExpiresAt": null,
    "grantId": null,
    "mutable": false,
    "unitKerjaId": "dir_ptep",
  },
  "roleTakDikenal:smBagian": {
    "accessPurpose": null,
    "allowed": false,
    "classification": "biasa",
    "exists": true,
    "grantAccessMode": null,
    "grantExpiresAt": null,
    "grantId": null,
    "mutable": false,
    "unitKerjaId": "bagian_umum",
  },
  "roleTakDikenal:smBiasa": {
    "accessPurpose": null,
    "allowed": false,
    "classification": "Sangat Segera",
    "exists": true,
    "grantAccessMode": null,
    "grantExpiresAt": null,
    "grantId": null,
    "mutable": false,
    "unitKerjaId": "sesditjen",
  },
  "roleTakDikenal:smTerbatas": {
    "accessPurpose": null,
    "allowed": false,
    "classification": "Terbatas",
    "exists": true,
    "grantAccessMode": null,
    "grantExpiresAt": null,
    "grantId": null,
    "mutable": false,
    "unitKerjaId": "sesditjen",
  },
  "roleTakDikenal:smTunggal": {
    "accessPurpose": null,
    "allowed": false,
    "classification": "biasa",
    "exists": true,
    "grantAccessMode": null,
    "grantExpiresAt": null,
    "grantId": null,
    "mutable": false,
    "unitKerjaId": "sesditjen",
  },
  "staffSes:arsipTerbatas": {
    "accessPurpose": null,
    "allowed": false,
    "classification": "terbatas",
    "exists": true,
    "grantAccessMode": null,
    "grantExpiresAt": null,
    "grantId": null,
    "mutable": false,
    "unitKerjaId": "sesditjen",
  },
  "staffSes:skBpptBiasa": {
    "accessPurpose": null,
    "allowed": false,
    "classification": "biasa",
    "exists": true,
    "grantAccessMode": null,
    "grantExpiresAt": null,
    "grantId": null,
    "mutable": false,
    "unitKerjaId": "dir_bppt",
  },
  "staffSes:skBpptNull": {
    "accessPurpose": null,
    "allowed": false,
    "classification": "terbatas",
    "exists": true,
    "grantAccessMode": null,
    "grantExpiresAt": null,
    "grantId": null,
    "mutable": false,
    "unitKerjaId": "dir_bppt",
  },
  "staffSes:skBpptTunggal": {
    "accessPurpose": null,
    "allowed": false,
    "classification": "biasa",
    "exists": true,
    "grantAccessMode": null,
    "grantExpiresAt": null,
    "grantId": null,
    "mutable": false,
    "unitKerjaId": "dir_bppt",
  },
  "staffSes:skPtepBiasa": {
    "accessPurpose": null,
    "allowed": false,
    "classification": "biasa",
    "exists": true,
    "grantAccessMode": null,
    "grantExpiresAt": null,
    "grantId": null,
    "mutable": false,
    "unitKerjaId": "dir_ptep",
  },
  "staffSes:smBagian": {
    "accessPurpose": null,
    "allowed": false,
    "classification": "biasa",
    "exists": true,
    "grantAccessMode": null,
    "grantExpiresAt": null,
    "grantId": null,
    "mutable": false,
    "unitKerjaId": "bagian_umum",
  },
  "staffSes:smBiasa": {
    "accessPurpose": null,
    "allowed": true,
    "classification": "Sangat Segera",
    "exists": true,
    "grantAccessMode": null,
    "grantExpiresAt": null,
    "grantId": null,
    "mutable": true,
    "unitKerjaId": "sesditjen",
  },
  "staffSes:smTerbatas": {
    "accessPurpose": null,
    "allowed": false,
    "classification": "Terbatas",
    "exists": true,
    "grantAccessMode": null,
    "grantExpiresAt": null,
    "grantId": null,
    "mutable": false,
    "unitKerjaId": "sesditjen",
  },
  "staffSes:smTunggal": {
    "accessPurpose": null,
    "allowed": true,
    "classification": "biasa",
    "exists": true,
    "grantAccessMode": null,
    "grantExpiresAt": null,
    "grantId": null,
    "mutable": true,
    "unitKerjaId": "sesditjen",
  },
  "superAdmin:arsipTerbatas": {
    "accessPurpose": null,
    "allowed": false,
    "classification": "terbatas",
    "exists": true,
    "grantAccessMode": null,
    "grantExpiresAt": null,
    "grantId": null,
    "mutable": false,
    "unitKerjaId": "sesditjen",
  },
  "superAdmin:skBpptBiasa": {
    "accessPurpose": null,
    "allowed": true,
    "classification": "biasa",
    "exists": true,
    "grantAccessMode": null,
    "grantExpiresAt": null,
    "grantId": null,
    "mutable": true,
    "unitKerjaId": "dir_bppt",
  },
  "superAdmin:skBpptNull": {
    "accessPurpose": null,
    "allowed": false,
    "classification": "terbatas",
    "exists": true,
    "grantAccessMode": null,
    "grantExpiresAt": null,
    "grantId": null,
    "mutable": false,
    "unitKerjaId": "dir_bppt",
  },
  "superAdmin:skBpptTunggal": {
    "accessPurpose": null,
    "allowed": true,
    "classification": "biasa",
    "exists": true,
    "grantAccessMode": null,
    "grantExpiresAt": null,
    "grantId": null,
    "mutable": true,
    "unitKerjaId": "dir_bppt",
  },
  "superAdmin:skPtepBiasa": {
    "accessPurpose": null,
    "allowed": true,
    "classification": "biasa",
    "exists": true,
    "grantAccessMode": null,
    "grantExpiresAt": null,
    "grantId": null,
    "mutable": true,
    "unitKerjaId": "dir_ptep",
  },
  "superAdmin:smBagian": {
    "accessPurpose": null,
    "allowed": true,
    "classification": "biasa",
    "exists": true,
    "grantAccessMode": null,
    "grantExpiresAt": null,
    "grantId": null,
    "mutable": true,
    "unitKerjaId": "bagian_umum",
  },
  "superAdmin:smBiasa": {
    "accessPurpose": null,
    "allowed": true,
    "classification": "Sangat Segera",
    "exists": true,
    "grantAccessMode": null,
    "grantExpiresAt": null,
    "grantId": null,
    "mutable": true,
    "unitKerjaId": "sesditjen",
  },
  "superAdmin:smTerbatas": {
    "accessPurpose": null,
    "allowed": false,
    "classification": "Terbatas",
    "exists": true,
    "grantAccessMode": null,
    "grantExpiresAt": null,
    "grantId": null,
    "mutable": false,
    "unitKerjaId": "sesditjen",
  },
  "superAdmin:smTunggal": {
    "accessPurpose": null,
    "allowed": true,
    "classification": "biasa",
    "exists": true,
    "grantAccessMode": null,
    "grantExpiresAt": null,
    "grantId": null,
    "mutable": true,
    "unitKerjaId": "sesditjen",
  },
  "tanpaPengguna:arsipTerbatas": {
    "accessPurpose": null,
    "allowed": false,
    "classification": "terbatas",
    "exists": true,
    "grantAccessMode": null,
    "grantExpiresAt": null,
    "grantId": null,
    "mutable": false,
    "unitKerjaId": "sesditjen",
  },
  "tanpaPengguna:skBpptBiasa": {
    "accessPurpose": null,
    "allowed": false,
    "classification": "biasa",
    "exists": true,
    "grantAccessMode": null,
    "grantExpiresAt": null,
    "grantId": null,
    "mutable": false,
    "unitKerjaId": "dir_bppt",
  },
  "tanpaPengguna:skBpptNull": {
    "accessPurpose": null,
    "allowed": false,
    "classification": "terbatas",
    "exists": true,
    "grantAccessMode": null,
    "grantExpiresAt": null,
    "grantId": null,
    "mutable": false,
    "unitKerjaId": "dir_bppt",
  },
  "tanpaPengguna:skBpptTunggal": {
    "accessPurpose": null,
    "allowed": false,
    "classification": "biasa",
    "exists": true,
    "grantAccessMode": null,
    "grantExpiresAt": null,
    "grantId": null,
    "mutable": false,
    "unitKerjaId": "dir_bppt",
  },
  "tanpaPengguna:skPtepBiasa": {
    "accessPurpose": null,
    "allowed": false,
    "classification": "biasa",
    "exists": true,
    "grantAccessMode": null,
    "grantExpiresAt": null,
    "grantId": null,
    "mutable": false,
    "unitKerjaId": "dir_ptep",
  },
  "tanpaPengguna:smBagian": {
    "accessPurpose": null,
    "allowed": false,
    "classification": "biasa",
    "exists": true,
    "grantAccessMode": null,
    "grantExpiresAt": null,
    "grantId": null,
    "mutable": false,
    "unitKerjaId": "bagian_umum",
  },
  "tanpaPengguna:smBiasa": {
    "accessPurpose": null,
    "allowed": false,
    "classification": "Sangat Segera",
    "exists": true,
    "grantAccessMode": null,
    "grantExpiresAt": null,
    "grantId": null,
    "mutable": false,
    "unitKerjaId": "sesditjen",
  },
  "tanpaPengguna:smTerbatas": {
    "accessPurpose": null,
    "allowed": false,
    "classification": "Terbatas",
    "exists": true,
    "grantAccessMode": null,
    "grantExpiresAt": null,
    "grantId": null,
    "mutable": false,
    "unitKerjaId": "sesditjen",
  },
  "tanpaPengguna:smTunggal": {
    "accessPurpose": null,
    "allowed": false,
    "classification": "biasa",
    "exists": true,
    "grantAccessMode": null,
    "grantExpiresAt": null,
    "grantId": null,
    "mutable": false,
    "unitKerjaId": "sesditjen",
  },
  "tu:arsipTerbatas": {
    "accessPurpose": "Koreksi metadata arsip terbatas TU",
    "allowed": true,
    "classification": "terbatas",
    "exists": true,
    "grantAccessMode": "manage",
    "grantExpiresAt": "2099-01-01T00:00:00.000Z",
    "grantId": "53000000-0000-4000-8000-000000000005",
    "mutable": true,
    "unitKerjaId": "sesditjen",
  },
  "tu:skBpptBiasa": {
    "accessPurpose": null,
    "allowed": false,
    "classification": "biasa",
    "exists": true,
    "grantAccessMode": null,
    "grantExpiresAt": null,
    "grantId": null,
    "mutable": false,
    "unitKerjaId": "dir_bppt",
  },
  "tu:skBpptNull": {
    "accessPurpose": null,
    "allowed": false,
    "classification": "terbatas",
    "exists": true,
    "grantAccessMode": null,
    "grantExpiresAt": null,
    "grantId": null,
    "mutable": false,
    "unitKerjaId": "dir_bppt",
  },
  "tu:skBpptTunggal": {
    "accessPurpose": null,
    "allowed": false,
    "classification": "biasa",
    "exists": true,
    "grantAccessMode": null,
    "grantExpiresAt": null,
    "grantId": null,
    "mutable": false,
    "unitKerjaId": "dir_bppt",
  },
  "tu:skPtepBiasa": {
    "accessPurpose": null,
    "allowed": false,
    "classification": "biasa",
    "exists": true,
    "grantAccessMode": null,
    "grantExpiresAt": null,
    "grantId": null,
    "mutable": false,
    "unitKerjaId": "dir_ptep",
  },
  "tu:smBagian": {
    "accessPurpose": null,
    "allowed": false,
    "classification": "biasa",
    "exists": true,
    "grantAccessMode": null,
    "grantExpiresAt": null,
    "grantId": null,
    "mutable": false,
    "unitKerjaId": "bagian_umum",
  },
  "tu:smBiasa": {
    "accessPurpose": null,
    "allowed": true,
    "classification": "Sangat Segera",
    "exists": true,
    "grantAccessMode": null,
    "grantExpiresAt": null,
    "grantId": null,
    "mutable": true,
    "unitKerjaId": "sesditjen",
  },
  "tu:smTerbatas": {
    "accessPurpose": null,
    "allowed": false,
    "classification": "Terbatas",
    "exists": true,
    "grantAccessMode": null,
    "grantExpiresAt": null,
    "grantId": null,
    "mutable": false,
    "unitKerjaId": "sesditjen",
  },
  "tu:smTunggal": {
    "accessPurpose": null,
    "allowed": true,
    "classification": "biasa",
    "exists": true,
    "grantAccessMode": null,
    "grantExpiresAt": null,
    "grantId": null,
    "mutable": true,
    "unitKerjaId": "sesditjen",
  },
}
`;
